src/common/components/EduBot.tsx(405,32): error TS2802: Type 'Set<any>' can only be iterated through when using the '--downlevelIteration' flag or with a '--target' of 'es2015' or higher.
